../Core/Src/main.c:64:6:delay_us	72	static
../Core/Src/main.c:74:6:start	88	static
../Core/Src/main.c:100:5:check_dht	112	static
../Core/Src/main.c:126:9:read_dht	16	static
../Core/Src/main.c:155:6:dht_data	208	static
../Core/Src/main.c:188:5:main	160	static
../Core/Src/main.c:262:6:SystemClock_Config	88	static
../Core/Src/main.c:304:13:MX_TIM2_Init	32	static
../Core/Src/main.c:349:13:MX_USART2_UART_Init	8	static
../Core/Src/main.c:382:13:MX_GPIO_Init	32	static
../Core/Src/main.c:415:6:Error_Handler	4	static,ignoring_inline_asm
